../Core/Src/main.c:191:5:main	104	static
../Core/Src/main.c:270:6:SystemClock_Config	88	static
../Core/Src/main.c:317:13:MX_SPI1_Init	8	static
../Core/Src/main.c:357:13:MX_USART3_UART_Init	8	static
../Core/Src/main.c:392:13:MX_GPIO_Init	56	static
../Core/Src/main.c:453:6:start_task_spi	48	static
../Core/Src/main.c:551:6:panic	8	static
../Core/Src/main.c:560:1:__io_putchar	16	static
../Core/Src/main.c:567:6:start_task_heartbeat	32	static
../Core/Src/main.c:593:8:pseudoDerivative	72	static
../Core/Src/main.c:694:8:PID	216	static
../Core/Src/main.c:742:6:StartDefaultTask	16	static
../Core/Src/main.c:761:6:HAL_TIM_PeriodElapsedCallback	16	static
../Core/Src/main.c:778:6:Error_Handler	4	static,ignoring_inline_asm
